../Core/Src/main.c:112:6:motorControl	16	static
../Core/Src/main.c:134:6:turnPush	8	static
../Core/Src/main.c:151:5:sensorRead	16	static
../Core/Src/main.c:253:6:PIDControl	24	static
../Core/Src/main.c:285:6:HAL_UART_RxCpltCallback	24	static
../Core/Src/main.c:320:5:main	16	static
../Core/Src/main.c:446:6:SystemClock_Config	72	static
../Core/Src/main.c:483:13:MX_TIM1_Init	96	static
../Core/Src/main.c:554:13:MX_TIM2_Init	64	static
../Core/Src/main.c:613:13:MX_TIM3_Init	64	static
../Core/Src/main.c:672:13:MX_USART1_UART_Init	8	static
../Core/Src/main.c:703:13:MX_GPIO_Init	40	static
../Core/Src/main.c:761:6:Error_Handler	4	static,ignoring_inline_asm
